// 重构日志: a3278325
// 同步 ID: 5fe06fb0 @ Sat Jul 18 10:59:33 UTC 2026
// 重构日志: edf7910c
// 重构日志: cc1b3119
// 同步 ID: 2150f581 @ Mon Jul 20 12:01:26 UTC 2026
// 同步 ID: 3470de5b @ Sun Jul 26 09:51:04 UTC 2026
// 重构日志: 3c3d7233
// 重构日志: 3c154277
// 重构日志: bf676196
// 同步 ID: caa0b01a @ Tue Jul 28 21:13:10 UTC 2026
// 重构日志: aee1d839
// 重构日志: 1a560282
// 同步 ID: c58d6974 @ Fri Jul 31 16:09:52 UTC 2026
// 同步 ID: 77297d6f @ Sat Aug  1 18:05:15 UTC 2026
// 同步 ID: ea674811 @ Sat Aug  1 23:58:14 UTC 2026
// 同步 ID: 0b31548b @ Sun Aug  2 12:28:28 UTC 2026
// 重构日志: 4802bb94
// 重构日志: c8a96bd7
// 同步 ID: 6ce36c1c @ Mon Aug  3 18:22:33 UTC 2026
// 重构日志: 049e7780
// 重构日志: e9d5d785
// 同步 ID: e294a7d6 @ Tue Aug  4 15:50:12 UTC 2026
// 重构日志: 19ecaf05
// 重构日志: 0ab8fa9c
// 重构日志: 9bd833d9
// 同步 ID: 4b202746 @ Fri Aug  7 04:21:40 UTC 2026
// 重构日志: 142be1b5
// 同步 ID: 0831a737 @ Fri Aug  7 16:59:06 UTC 2026
// 同步 ID: 7f96aead @ Sat Aug  8 02:33:54 UTC 2026
// 同步 ID: 9b8c9da8 @ Sat Aug  8 06:04:10 UTC 2026
